NOTICE:  policy_eval: target=orders tokens=IDENT:orders.o_custkey OP:= IDENT:customer.c_custkey AND:and LPAREN:( IDENT:customer.c_mktsegment OP:= STRING:'AUTOMOBILE' OR:or IDENT:customer.c_mktsegment OP:= STRING:'HOUSEHOLD' RPAREN:)
NOTICE:  policy_eval: target=orders tokens=IDENT:orders.o_orderstatus OP:<> STRING:'F'
NOTICE:  CF_POLICY_AST target=orders perm=2 rest=0 y0=0 ast=y4 and (y1 or y2) or y3
NOTICE:  CF_POLICY_AST_SUMMARY permissive_total=2 restrictive_total=0 targets=1 targets_perm0=0
NOTICE:  policy_eval: target=orders join_classes=[0]
NOTICE:  policy_eval: policy[1] target=orders expr=orders.o_custkey = customer.c_custkey AND (customer.c_mktsegment = 'AUTOMOBILE' OR customer.c_mktsegment = 'HOUSEHOLD') ast=y4 and (y1 or y2)
NOTICE:  policy_eval: policy[2] target=orders expr=orders.o_orderstatus <> 'F' ast=y3
NOTICE:  policy_eval: atom y1 = const:customer.c_mktsegment|=|AUTOMOBILE
NOTICE:  policy_eval: atom y2 = const:customer.c_mktsegment|=|HOUSEHOLD
NOTICE:  policy_eval: atom y3 = const:orders.o_orderstatus|!=|F
NOTICE:  policy_eval: atom y4 = join:customer.c_custkey=orders.o_custkey
NOTICE:  policy_eval: combined_ast target=orders ast=y4 and (y1 or y2) or y3 perm_ast=y4 and (y1 or y2) or y3 rest_ast=
NOTICE:  policy_eval: closure_count=2
NOTICE:  policy_eval: target=orders tokens=IDENT:orders.o_custkey OP:= IDENT:customer.c_custkey AND:and LPAREN:( IDENT:customer.c_mktsegment OP:= STRING:'AUTOMOBILE' OR:or IDENT:customer.c_mktsegment OP:= STRING:'HOUSEHOLD' RPAREN:)
NOTICE:  policy_eval: target=orders tokens=IDENT:orders.o_orderstatus OP:<> STRING:'F'
NOTICE:  CF_POLICY_AST target=orders perm=2 rest=0 y0=0 ast=y4 and (y1 or y2) or y3
NOTICE:  CF_POLICY_AST_SUMMARY permissive_total=2 restrictive_total=0 targets=1 targets_perm0=0
NOTICE:  policy_eval: target=orders join_classes=[0]
NOTICE:  policy_eval: policy[1] target=orders expr=orders.o_custkey = customer.c_custkey AND (customer.c_mktsegment = 'AUTOMOBILE' OR customer.c_mktsegment = 'HOUSEHOLD') ast=y4 and (y1 or y2)
NOTICE:  policy_eval: policy[2] target=orders expr=orders.o_orderstatus <> 'F' ast=y3
NOTICE:  policy_eval: atom y1 = const:customer.c_mktsegment|=|AUTOMOBILE
NOTICE:  policy_eval: atom y2 = const:customer.c_mktsegment|=|HOUSEHOLD
NOTICE:  policy_eval: atom y3 = const:orders.o_orderstatus|!=|F
NOTICE:  policy_eval: atom y4 = join:customer.c_custkey=orders.o_custkey
NOTICE:  policy_eval: combined_ast target=orders ast=y4 and (y1 or y2) or y3 perm_ast=y4 and (y1 or y2) or y3 rest_ast=
NOTICE:  policy_eval: closure_count=2

ERROR: ERROR:  custom_filter[memctx_violation]: allocation escaped query context (label=artifact_blob rel=<global>)
