NOTICE:  policy_eval: target=orders tokens=IDENT:orders.o_custkey OP:= IDENT:customer.c_custkey AND:and LPAREN:( IDENT:customer.c_mktsegment OP:= STRING:'AUTOMOBILE' OR:or IDENT:customer.c_mktsegment OP:= STRING:'HOUSEHOLD' RPAREN:)
NOTICE:  policy_eval: target=lineitem tokens=IDENT:lineitem.l_shipmode OP:in LPAREN:( STRING:'MAIL' COMMA:, STRING:'SHIP' RPAREN:)
NOTICE:  CF_POLICY_AST target=lineitem perm=1 rest=0 y0=0 ast=y3
NOTICE:  CF_POLICY_AST target=orders perm=1 rest=0 y0=0 ast=y4 and (y1 or y2)
NOTICE:  CF_POLICY_AST_SUMMARY permissive_total=2 restrictive_total=0 targets=2 targets_perm0=0
NOTICE:  policy_eval: target=lineitem join_classes=[]
NOTICE:  policy_eval: target=orders join_classes=[0]
NOTICE:  policy_eval: policy[1] target=orders expr=orders.o_custkey = customer.c_custkey AND (customer.c_mktsegment = 'AUTOMOBILE' OR customer.c_mktsegment = 'HOUSEHOLD') ast=y4 and (y1 or y2)
NOTICE:  policy_eval: policy[2] target=lineitem expr=lineitem.l_shipmode IN ('MAIL','SHIP') ast=y3
NOTICE:  policy_eval: atom y1 = const:customer.c_mktsegment|=|AUTOMOBILE
NOTICE:  policy_eval: atom y2 = const:customer.c_mktsegment|=|HOUSEHOLD
NOTICE:  policy_eval: atom y3 = const:lineitem.l_shipmode|in|MAIL,SHIP
NOTICE:  policy_eval: atom y4 = join:customer.c_custkey=orders.o_custkey
NOTICE:  policy_eval: combined_ast target=lineitem ast=y3 perm_ast=y3 rest_ast=
NOTICE:  policy_eval: combined_ast target=orders ast=y4 and (y1 or y2) perm_ast=y4 and (y1 or y2) rest_ast=
NOTICE:  policy_eval: closure_count=3
NOTICE:  policy_eval: target=orders tokens=IDENT:orders.o_custkey OP:= IDENT:customer.c_custkey AND:and LPAREN:( IDENT:customer.c_mktsegment OP:= STRING:'AUTOMOBILE' OR:or IDENT:customer.c_mktsegment OP:= STRING:'HOUSEHOLD' RPAREN:)
NOTICE:  policy_eval: target=lineitem tokens=IDENT:lineitem.l_shipmode OP:in LPAREN:( STRING:'MAIL' COMMA:, STRING:'SHIP' RPAREN:)
NOTICE:  CF_POLICY_AST target=lineitem perm=1 rest=0 y0=0 ast=y3
NOTICE:  CF_POLICY_AST target=orders perm=1 rest=0 y0=0 ast=y4 and (y1 or y2)
NOTICE:  CF_POLICY_AST_SUMMARY permissive_total=2 restrictive_total=0 targets=2 targets_perm0=0
NOTICE:  policy_eval: target=lineitem join_classes=[]
NOTICE:  policy_eval: target=orders join_classes=[0]
NOTICE:  policy_eval: policy[1] target=orders expr=orders.o_custkey = customer.c_custkey AND (customer.c_mktsegment = 'AUTOMOBILE' OR customer.c_mktsegment = 'HOUSEHOLD') ast=y4 and (y1 or y2)
NOTICE:  policy_eval: policy[2] target=lineitem expr=lineitem.l_shipmode IN ('MAIL','SHIP') ast=y3
NOTICE:  policy_eval: atom y1 = const:customer.c_mktsegment|=|AUTOMOBILE
NOTICE:  policy_eval: atom y2 = const:customer.c_mktsegment|=|HOUSEHOLD
NOTICE:  policy_eval: atom y3 = const:lineitem.l_shipmode|in|MAIL,SHIP
NOTICE:  policy_eval: atom y4 = join:customer.c_custkey=orders.o_custkey
NOTICE:  policy_eval: combined_ast target=lineitem ast=y3 perm_ast=y3 rest_ast=
NOTICE:  policy_eval: combined_ast target=orders ast=y4 and (y1 or y2) perm_ast=y4 and (y1 or y2) rest_ast=
NOTICE:  policy_eval: closure_count=3

ERROR: ERROR:  custom_filter[memctx_violation]: allocation escaped query context (label=artifact_blob rel=<global>)
