NOTICE:  policy_eval: target=customer tokens=LPAREN:( IDENT:customer.c_acctbal OP:> NUMBER:0 RPAREN:) AND:and LPAREN:( LPAREN:( IDENT:customer.c_mktsegment OP:= STRING:'FURNITURE' RPAREN:) OR:or LPAREN:( IDENT:customer.c_mktsegment OP:= STRING:'HOUSEHOLD' RPAREN:) RPAREN:)
NOTICE:  CF_POLICY_AST target=customer perm=1 rest=0 y0=0 ast=y1 and (y2 or y3)
NOTICE:  CF_POLICY_AST_SUMMARY permissive_total=1 restrictive_total=0 targets=1 targets_perm0=0
NOTICE:  policy_eval: target=customer join_classes=[]
NOTICE:  policy_eval: policy[1] target=customer expr=(customer.c_acctbal > 0) AND ((customer.c_mktsegment = 'FURNITURE') OR (customer.c_mktsegment = 'HOUSEHOLD')) ast=y1 and (y2 or y3)
NOTICE:  policy_eval: atom y1 = const:customer.c_acctbal|>|0
NOTICE:  policy_eval: atom y2 = const:customer.c_mktsegment|=|FURNITURE
NOTICE:  policy_eval: atom y3 = const:customer.c_mktsegment|=|HOUSEHOLD
NOTICE:  policy_eval: combined_ast target=customer ast=y1 and (y2 or y3) perm_ast=y1 and (y2 or y3) rest_ast=
NOTICE:  policy_eval: closure_count=2
NOTICE:  policy_eval: target=customer tokens=LPAREN:( IDENT:customer.c_acctbal OP:> NUMBER:0 RPAREN:) AND:and LPAREN:( LPAREN:( IDENT:customer.c_mktsegment OP:= STRING:'FURNITURE' RPAREN:) OR:or LPAREN:( IDENT:customer.c_mktsegment OP:= STRING:'HOUSEHOLD' RPAREN:) RPAREN:)
NOTICE:  CF_POLICY_AST target=customer perm=1 rest=0 y0=0 ast=y1 and (y2 or y3)
NOTICE:  CF_POLICY_AST_SUMMARY permissive_total=1 restrictive_total=0 targets=1 targets_perm0=0
NOTICE:  policy_eval: target=customer join_classes=[]
NOTICE:  policy_eval: policy[1] target=customer expr=(customer.c_acctbal > 0) AND ((customer.c_mktsegment = 'FURNITURE') OR (customer.c_mktsegment = 'HOUSEHOLD')) ast=y1 and (y2 or y3)
NOTICE:  policy_eval: atom y1 = const:customer.c_acctbal|>|0
NOTICE:  policy_eval: atom y2 = const:customer.c_mktsegment|=|FURNITURE
NOTICE:  policy_eval: atom y3 = const:customer.c_mktsegment|=|HOUSEHOLD
NOTICE:  policy_eval: combined_ast target=customer ast=y1 and (y2 or y3) perm_ast=y1 and (y2 or y3) rest_ast=
NOTICE:  policy_eval: closure_count=2

ERROR: ERROR:  custom_filter[memctx_violation]: allocation escaped query context (label=artifact_blob rel=<global>)
