[index_infer] K=5 specs=['lineitem.l_discount', 'lineitem.l_extendedprice', 'lineitem.l_linestatus', 'lineitem.l_quantity', 'lineitem.l_returnflag', 'lineitem.l_shipinstruct', 'lineitem.l_shipmode', 'lineitem.l_tax']
[setup_rls] K=5 setup_ms=4239.399 disk=75563008 indexes=['cf_rls_k5_lineitem_l_discount_1', 'cf_rls_k5_lineitem_l_extendedprice_2', 'cf_rls_k5_lineitem_l_linestatus_3', 'cf_rls_k5_lineitem_l_quantity_4', 'cf_rls_k5_lineitem_l_returnflag_5', 'cf_rls_k5_lineitem_l_shipinstruct_6', 'cf_rls_k5_lineitem_l_shipmode_7', 'cf_rls_k5_lineitem_l_tax_8']
[stage01] db=tpch0_1 set=S_A baseline=rls_index q1 status=1 hot_ms=121.047 err=
[stage01] db=tpch0_1 set=S_A baseline=rls_index q3 status=1 hot_ms=90.780 err=
[stage01] db=tpch0_1 set=S_A baseline=rls_index q6 status=1 hot_ms=60.751 err=
[stage01] db=tpch0_1 set=S_A baseline=rls_index q10 status=1 hot_ms=60.888 err=
[stage01] db=tpch0_1 set=S_A baseline=rls_index q11 status=1 hot_ms=30.606 err=
[index_infer] K=5 specs=['lineitem.l_discount', 'lineitem.l_extendedprice', 'lineitem.l_linestatus', 'lineitem.l_quantity', 'lineitem.l_returnflag', 'lineitem.l_shipinstruct', 'lineitem.l_shipmode', 'lineitem.l_tax']
[setup_rls] K=5 setup_ms=4240.364 disk=75563008 indexes=['cf_rls_k5_lineitem_l_discount_1', 'cf_rls_k5_lineitem_l_extendedprice_2', 'cf_rls_k5_lineitem_l_linestatus_3', 'cf_rls_k5_lineitem_l_quantity_4', 'cf_rls_k5_lineitem_l_returnflag_5', 'cf_rls_k5_lineitem_l_shipinstruct_6', 'cf_rls_k5_lineitem_l_shipmode_7', 'cf_rls_k5_lineitem_l_tax_8']
[stage01] db=tpch0_1 set=S_A baseline=sieve_index q1 status=1 hot_ms=121.059 err=
[stage01] db=tpch0_1 set=S_A baseline=sieve_index q3 status=1 hot_ms=90.768 err=
[stage01] db=tpch0_1 set=S_A baseline=sieve_index q6 status=1 hot_ms=60.628 err=
[stage01] db=tpch0_1 set=S_A baseline=sieve_index q10 status=1 hot_ms=60.962 err=
[stage01] db=tpch0_1 set=S_A baseline=sieve_index q11 status=1 hot_ms=30.765 err=
[setup_ours] K=5 setup_ms=2954.453 disk=29131488
[stage01] db=tpch0_1 set=S_A baseline=ours q1 status=1 hot_ms=2018.983 err=
[stage01] db=tpch0_1 set=S_A baseline=ours q3 status=1 hot_ms=1988.471 err=
[stage01] db=tpch0_1 set=S_A baseline=ours q6 status=1 hot_ms=1958.385 err=
[stage01] db=tpch0_1 set=S_A baseline=ours q10 status=1 hot_ms=1991.678 err=
[stage01] db=tpch0_1 set=S_A baseline=ours q11 status=1 hot_ms=30.704 err=
[index_infer] K=10 specs=['customer.c_acctbal', 'customer.c_mktsegment', 'customer.c_name', 'customer.c_nationkey', 'customer.c_phone', 'lineitem.l_discount', 'lineitem.l_extendedprice', 'lineitem.l_linestatus', 'lineitem.l_quantity', 'lineitem.l_returnflag', 'lineitem.l_shipinstruct', 'lineitem.l_shipmode', 'lineitem.l_tax']
[setup_rls] K=10 setup_ms=4360.730 disk=77275136 indexes=['cf_rls_k10_customer_c_acctbal_1', 'cf_rls_k10_customer_c_mktsegment_2', 'cf_rls_k10_customer_c_name_3', 'cf_rls_k10_customer_c_nationkey_4', 'cf_rls_k10_customer_c_phone_5', 'cf_rls_k10_lineitem_l_discount_6', 'cf_rls_k10_lineitem_l_extendedprice_7', 'cf_rls_k10_lineitem_l_linestatus_8', 'cf_rls_k10_lineitem_l_quantity_9', 'cf_rls_k10_lineitem_l_returnflag_10', 'cf_rls_k10_lineitem_l_shipinstruct_11', 'cf_rls_k10_lineitem_l_shipmode_12', 'cf_rls_k10_lineitem_l_tax_13']
[stage01] db=tpch0_1 set=S_B baseline=rls_index q1 status=1 hot_ms=120.996 err=
[stage01] db=tpch0_1 set=S_B baseline=rls_index q3 status=1 hot_ms=30.360 err=
[stage01] db=tpch0_1 set=S_B baseline=rls_index q6 status=1 hot_ms=60.641 err=
[stage01] db=tpch0_1 set=S_B baseline=rls_index q10 status=1 hot_ms=60.547 err=
[stage01] db=tpch0_1 set=S_B baseline=rls_index q11 status=1 hot_ms=30.476 err=
[index_infer] K=10 specs=['customer.c_acctbal', 'customer.c_mktsegment', 'customer.c_name', 'customer.c_nationkey', 'customer.c_phone', 'lineitem.l_discount', 'lineitem.l_extendedprice', 'lineitem.l_linestatus', 'lineitem.l_quantity', 'lineitem.l_returnflag', 'lineitem.l_shipinstruct', 'lineitem.l_shipmode', 'lineitem.l_tax']
[setup_rls] K=10 setup_ms=4341.157 disk=77275136 indexes=['cf_rls_k10_customer_c_acctbal_1', 'cf_rls_k10_customer_c_mktsegment_2', 'cf_rls_k10_customer_c_name_3', 'cf_rls_k10_customer_c_nationkey_4', 'cf_rls_k10_customer_c_phone_5', 'cf_rls_k10_lineitem_l_discount_6', 'cf_rls_k10_lineitem_l_extendedprice_7', 'cf_rls_k10_lineitem_l_linestatus_8', 'cf_rls_k10_lineitem_l_quantity_9', 'cf_rls_k10_lineitem_l_returnflag_10', 'cf_rls_k10_lineitem_l_shipinstruct_11', 'cf_rls_k10_lineitem_l_shipmode_12', 'cf_rls_k10_lineitem_l_tax_13']
[stage01] db=tpch0_1 set=S_B baseline=sieve_index q1 status=1 hot_ms=120.960 err=
[stage01] db=tpch0_1 set=S_B baseline=sieve_index q3 status=1 hot_ms=30.459 err=
[stage01] db=tpch0_1 set=S_B baseline=sieve_index q6 status=1 hot_ms=60.517 err=
[stage01] db=tpch0_1 set=S_B baseline=sieve_index q10 status=1 hot_ms=30.503 err=
[stage01] db=tpch0_1 set=S_B baseline=sieve_index q11 status=1 hot_ms=30.452 err=
[setup_ours] K=10 setup_ms=3008.899 disk=30601996
[stage01] db=tpch0_1 set=S_B baseline=ours q1 status=1 hot_ms=2018.630 err=
[stage01] db=tpch0_1 set=S_B baseline=ours q3 status=1 hot_ms=3253.578 err=
[stage01] db=tpch0_1 set=S_B baseline=ours q6 status=1 hot_ms=1958.458 err=
[stage01] db=tpch0_1 set=S_B baseline=ours q10 status=1 hot_ms=3253.657 err=
[stage01] db=tpch0_1 set=S_B baseline=ours q11 status=1 hot_ms=30.836 err=
[index_infer] K=5 specs=['customer.c_acctbal', 'customer.c_custkey', 'customer.c_mktsegment', 'customer.c_nationkey', 'lineitem.l_orderkey', 'lineitem.l_returnflag', 'lineitem.l_shipinstruct', 'lineitem.l_shipmode', 'nation.n_name', 'nation.n_nationkey', 'nation.n_regionkey', 'orders.o_custkey', 'orders.o_orderkey', 'orders.o_orderpriority', 'orders.o_orderstatus', 'region.r_name', 'region.r_regionkey']
[setup_rls] K=5 setup_ms=1934.296 disk=28426240 indexes=['cf_rls_k5_customer_c_acctbal_1', 'cf_rls_k5_customer_c_custkey_2', 'cf_rls_k5_customer_c_mktsegment_3', 'cf_rls_k5_customer_c_nationkey_4', 'cf_rls_k5_lineitem_l_orderkey_5', 'cf_rls_k5_lineitem_l_returnflag_6', 'cf_rls_k5_lineitem_l_shipinstruct_7', 'cf_rls_k5_lineitem_l_shipmode_8', 'cf_rls_k5_nation_n_name_9', 'cf_rls_k5_nation_n_nationkey_10', 'cf_rls_k5_nation_n_regionkey_11', 'cf_rls_k5_orders_o_custkey_12', 'cf_rls_k5_orders_o_orderkey_13', 'cf_rls_k5_orders_o_orderpriority_14', 'cf_rls_k5_orders_o_orderstatus_15', 'cf_rls_k5_region_r_name_16', 'cf_rls_k5_region_r_regionkey_17']
[stage01] db=tpch0_1 set=S_C baseline=rls_index q1 status=1 hot_ms=1355.747 err=
[stage01] db=tpch0_1 set=S_C baseline=rls_index q3 status=1 hot_ms=151.072 err=
[stage01] db=tpch0_1 set=S_C baseline=rls_index q6 status=1 hot_ms=692.998 err=
[stage01] db=tpch0_1 set=S_C baseline=rls_index q10 status=1 hot_ms=331.574 err=
[stage01] db=tpch0_1 set=S_C baseline=rls_index q11 status=1 hot_ms=30.633 err=
[index_infer] K=5 specs=['customer.c_acctbal', 'customer.c_custkey', 'customer.c_mktsegment', 'customer.c_nationkey', 'lineitem.l_orderkey', 'lineitem.l_returnflag', 'lineitem.l_shipinstruct', 'lineitem.l_shipmode', 'nation.n_name', 'nation.n_nationkey', 'nation.n_regionkey', 'orders.o_custkey', 'orders.o_orderkey', 'orders.o_orderpriority', 'orders.o_orderstatus', 'region.r_name', 'region.r_regionkey']
[setup_rls] K=5 setup_ms=1920.067 disk=28426240 indexes=['cf_rls_k5_customer_c_acctbal_1', 'cf_rls_k5_customer_c_custkey_2', 'cf_rls_k5_customer_c_mktsegment_3', 'cf_rls_k5_customer_c_nationkey_4', 'cf_rls_k5_lineitem_l_orderkey_5', 'cf_rls_k5_lineitem_l_returnflag_6', 'cf_rls_k5_lineitem_l_shipinstruct_7', 'cf_rls_k5_lineitem_l_shipmode_8', 'cf_rls_k5_nation_n_name_9', 'cf_rls_k5_nation_n_nationkey_10', 'cf_rls_k5_nation_n_regionkey_11', 'cf_rls_k5_orders_o_custkey_12', 'cf_rls_k5_orders_o_orderkey_13', 'cf_rls_k5_orders_o_orderpriority_14', 'cf_rls_k5_orders_o_orderstatus_15', 'cf_rls_k5_region_r_name_16', 'cf_rls_k5_region_r_regionkey_17']
[stage01] db=tpch0_1 set=S_C baseline=sieve_index q1 status=1 hot_ms=301.534 err=
[stage01] db=tpch0_1 set=S_C baseline=sieve_index q3 status=1 hot_ms=452.053 err=
[stage01] db=tpch0_1 set=S_C baseline=sieve_index q6 status=1 hot_ms=271.524 err=
[stage01] db=tpch0_1 set=S_C baseline=sieve_index q10 status=1 hot_ms=422.078 err=
[stage01] db=tpch0_1 set=S_C baseline=sieve_index q11 status=1 hot_ms=30.554 err=
[setup_ours] K=5 setup_ms=1817.006 disk=24229450
[stage01] db=tpch0_1 set=S_C baseline=ours q1 status=1 hot_ms=934.733 err=
[stage01] db=tpch0_1 set=S_C baseline=ours q3 status=1 hot_ms=784.007 err=
[stage01] db=tpch0_1 set=S_C baseline=ours q6 status=1 hot_ms=783.943 err=
[stage01] db=tpch0_1 set=S_C baseline=ours q10 status=1 hot_ms=814.257 err=
[stage01] db=tpch0_1 set=S_C baseline=ours q11 status=1 hot_ms=30.750 err=
[index_infer] K=10 specs=['customer.c_acctbal', 'customer.c_custkey', 'customer.c_mktsegment', 'customer.c_nationkey', 'lineitem.l_discount', 'lineitem.l_orderkey', 'lineitem.l_partkey', 'lineitem.l_quantity', 'lineitem.l_returnflag', 'lineitem.l_shipinstruct', 'lineitem.l_shipmode', 'lineitem.l_suppkey', 'nation.n_name', 'nation.n_nationkey', 'nation.n_regionkey', 'orders.o_custkey', 'orders.o_orderkey', 'orders.o_orderpriority', 'orders.o_orderstatus', 'orders.o_totalprice', 'part.p_brand', 'part.p_partkey', 'part.p_size', 'partsupp.ps_partkey', 'partsupp.ps_suppkey', 'partsupp.ps_supplycost', 'region.r_name', 'region.r_regionkey', 'supplier.s_nationkey', 'supplier.s_suppkey']
[setup_rls] K=10 setup_ms=4013.814 disk=73252864 indexes=['cf_rls_k10_customer_c_acctbal_1', 'cf_rls_k10_customer_c_custkey_2', 'cf_rls_k10_customer_c_mktsegment_3', 'cf_rls_k10_customer_c_nationkey_4', 'cf_rls_k10_lineitem_l_discount_5', 'cf_rls_k10_lineitem_l_orderkey_6', 'cf_rls_k10_lineitem_l_partkey_7', 'cf_rls_k10_lineitem_l_quantity_8', 'cf_rls_k10_lineitem_l_returnflag_9', 'cf_rls_k10_lineitem_l_shipinstruct_10', 'cf_rls_k10_lineitem_l_shipmode_11', 'cf_rls_k10_lineitem_l_suppkey_12', 'cf_rls_k10_nation_n_name_13', 'cf_rls_k10_nation_n_nationkey_14', 'cf_rls_k10_nation_n_regionkey_15', 'cf_rls_k10_orders_o_custkey_16', 'cf_rls_k10_orders_o_orderkey_17', 'cf_rls_k10_orders_o_orderpriority_18', 'cf_rls_k10_orders_o_orderstatus_19', 'cf_rls_k10_orders_o_totalprice_20', 'cf_rls_k10_part_p_brand_21', 'cf_rls_k10_part_p_partkey_22', 'cf_rls_k10_part_p_size_23', 'cf_rls_k10_partsupp_ps_partkey_24', 'cf_rls_k10_partsupp_ps_suppkey_25', 'cf_rls_k10_partsupp_ps_supplycost_26', 'cf_rls_k10_region_r_name_27', 'cf_rls_k10_region_r_regionkey_28', 'cf_rls_k10_supplier_s_nationkey_29', 'cf_rls_k10_supplier_s_suppkey_30']
[stage01] db=tpch0_1 set=S_D baseline=rls_index q1 status=1 hot_ms=3132.775 err=
[stage01] db=tpch0_1 set=S_D baseline=rls_index q3 status=1 hot_ms=150.978 err=
[stage01] db=tpch0_1 set=S_D baseline=rls_index q6 status=1 hot_ms=1807.374 err=
[stage01] db=tpch0_1 set=S_D baseline=rls_index q10 status=1 hot_ms=361.757 err=
[stage01] db=tpch0_1 set=S_D baseline=rls_index q11 status=1 hot_ms=30.488 err=
[index_infer] K=10 specs=['customer.c_acctbal', 'customer.c_custkey', 'customer.c_mktsegment', 'customer.c_nationkey', 'lineitem.l_discount', 'lineitem.l_orderkey', 'lineitem.l_partkey', 'lineitem.l_quantity', 'lineitem.l_returnflag', 'lineitem.l_shipinstruct', 'lineitem.l_shipmode', 'lineitem.l_suppkey', 'nation.n_name', 'nation.n_nationkey', 'nation.n_regionkey', 'orders.o_custkey', 'orders.o_orderkey', 'orders.o_orderpriority', 'orders.o_orderstatus', 'orders.o_totalprice', 'part.p_brand', 'part.p_partkey', 'part.p_size', 'partsupp.ps_partkey', 'partsupp.ps_suppkey', 'partsupp.ps_supplycost', 'region.r_name', 'region.r_regionkey', 'supplier.s_nationkey', 'supplier.s_suppkey']
[setup_rls] K=10 setup_ms=3996.238 disk=73252864 indexes=['cf_rls_k10_customer_c_acctbal_1', 'cf_rls_k10_customer_c_custkey_2', 'cf_rls_k10_customer_c_mktsegment_3', 'cf_rls_k10_customer_c_nationkey_4', 'cf_rls_k10_lineitem_l_discount_5', 'cf_rls_k10_lineitem_l_orderkey_6', 'cf_rls_k10_lineitem_l_partkey_7', 'cf_rls_k10_lineitem_l_quantity_8', 'cf_rls_k10_lineitem_l_returnflag_9', 'cf_rls_k10_lineitem_l_shipinstruct_10', 'cf_rls_k10_lineitem_l_shipmode_11', 'cf_rls_k10_lineitem_l_suppkey_12', 'cf_rls_k10_nation_n_name_13', 'cf_rls_k10_nation_n_nationkey_14', 'cf_rls_k10_nation_n_regionkey_15', 'cf_rls_k10_orders_o_custkey_16', 'cf_rls_k10_orders_o_orderkey_17', 'cf_rls_k10_orders_o_orderpriority_18', 'cf_rls_k10_orders_o_orderstatus_19', 'cf_rls_k10_orders_o_totalprice_20', 'cf_rls_k10_part_p_brand_21', 'cf_rls_k10_part_p_partkey_22', 'cf_rls_k10_part_p_size_23', 'cf_rls_k10_partsupp_ps_partkey_24', 'cf_rls_k10_partsupp_ps_suppkey_25', 'cf_rls_k10_partsupp_ps_supplycost_26', 'cf_rls_k10_region_r_name_27', 'cf_rls_k10_region_r_regionkey_28', 'cf_rls_k10_supplier_s_nationkey_29', 'cf_rls_k10_supplier_s_suppkey_30']
[stage01] db=tpch0_1 set=S_D baseline=sieve_index q1 status=1 hot_ms=331.597 err=
[stage01] db=tpch0_1 set=S_D baseline=sieve_index q3 status=1 hot_ms=452.074 err=
[stage01] db=tpch0_1 set=S_D baseline=sieve_index q6 status=1 hot_ms=301.560 err=
[stage01] db=tpch0_1 set=S_D baseline=sieve_index q10 status=1 hot_ms=452.080 err=
[stage01] db=tpch0_1 set=S_D baseline=sieve_index q11 status=1 hot_ms=30.515 err=
