[index_infer] K=5 specs=['lineitem.l_discount', 'lineitem.l_extendedprice', 'lineitem.l_linestatus', 'lineitem.l_quantity', 'lineitem.l_returnflag', 'lineitem.l_shipinstruct', 'lineitem.l_shipmode', 'lineitem.l_tax']
[setup_rls] K=5 setup_ms=4231.757 disk=44032000 indexes=['cf_rls_k5_lineitem_l_discount_1', 'cf_rls_k5_lineitem_l_extendedprice_2', 'cf_rls_k5_lineitem_l_linestatus_3', 'cf_rls_k5_lineitem_l_quantity_4', 'cf_rls_k5_lineitem_l_returnflag_5', 'cf_rls_k5_lineitem_l_shipinstruct_6', 'cf_rls_k5_lineitem_l_shipmode_7', 'cf_rls_k5_lineitem_l_tax_8']
[stage03] db=tpch0_1 set=S_A baseline=rls_index q1 status=1 hot_ms=602.786 err=
[stage03] db=tpch0_1 set=S_A baseline=rls_index q3 status=1 hot_ms=60.616 err=
[stage03] db=tpch0_1 set=S_A baseline=rls_index q6 status=1 hot_ms=60.858 err=
[stage03] db=tpch0_1 set=S_A baseline=rls_index q10 status=1 hot_ms=160.327 err=
[stage03] db=tpch0_1 set=S_A baseline=rls_index q11 status=1 hot_ms=30.618 err=
[index_infer] K=5 specs=['lineitem.l_discount', 'lineitem.l_extendedprice', 'lineitem.l_linestatus', 'lineitem.l_quantity', 'lineitem.l_returnflag', 'lineitem.l_shipinstruct', 'lineitem.l_shipmode', 'lineitem.l_tax']
[setup_rls] K=5 setup_ms=4301.882 disk=75563008 indexes=['cf_rls_k5_lineitem_l_discount_1', 'cf_rls_k5_lineitem_l_extendedprice_2', 'cf_rls_k5_lineitem_l_linestatus_3', 'cf_rls_k5_lineitem_l_quantity_4', 'cf_rls_k5_lineitem_l_returnflag_5', 'cf_rls_k5_lineitem_l_shipinstruct_6', 'cf_rls_k5_lineitem_l_shipmode_7', 'cf_rls_k5_lineitem_l_tax_8']
[stage03] db=tpch0_1 set=S_A baseline=sieve_index q1 status=1 hot_ms=120.878 err=
[stage03] db=tpch0_1 set=S_A baseline=sieve_index q3 status=1 hot_ms=60.504 err=
[stage03] db=tpch0_1 set=S_A baseline=sieve_index q6 status=1 hot_ms=60.590 err=
[stage03] db=tpch0_1 set=S_A baseline=sieve_index q10 status=1 hot_ms=60.622 err=
[stage03] db=tpch0_1 set=S_A baseline=sieve_index q11 status=1 hot_ms=30.490 err=
[setup_ours] K=5 setup_ms=1165.270 disk=9388689
[stage03] db=tpch0_1 set=S_A baseline=ours q1 status=0 hot_ms= err=db_error
[stage03] db=tpch0_1 set=S_A baseline=ours q3 status=0 hot_ms= err=db_error
[stage03] db=tpch0_1 set=S_A baseline=ours q6 status=0 hot_ms= err=db_error
[stage03] db=tpch0_1 set=S_A baseline=ours q10 status=0 hot_ms= err=db_error
[stage03] db=tpch0_1 set=S_A baseline=ours q11 status=1 hot_ms=30.800 err=
[index_infer] K=10 specs=['customer.c_acctbal', 'customer.c_mktsegment', 'customer.c_name', 'customer.c_nationkey', 'customer.c_phone', 'lineitem.l_discount', 'lineitem.l_extendedprice', 'lineitem.l_linestatus', 'lineitem.l_quantity', 'lineitem.l_returnflag', 'lineitem.l_shipinstruct', 'lineitem.l_shipmode', 'lineitem.l_tax']
[setup_rls] K=10 setup_ms=4443.706 disk=44032000 indexes=['cf_rls_k10_customer_c_acctbal_1', 'cf_rls_k10_customer_c_mktsegment_2', 'cf_rls_k10_customer_c_name_3', 'cf_rls_k10_customer_c_nationkey_4', 'cf_rls_k10_customer_c_phone_5', 'cf_rls_k10_lineitem_l_discount_6', 'cf_rls_k10_lineitem_l_extendedprice_7', 'cf_rls_k10_lineitem_l_linestatus_8', 'cf_rls_k10_lineitem_l_quantity_9', 'cf_rls_k10_lineitem_l_returnflag_10', 'cf_rls_k10_lineitem_l_shipinstruct_11', 'cf_rls_k10_lineitem_l_shipmode_12', 'cf_rls_k10_lineitem_l_tax_13']
[stage03] db=tpch0_1 set=S_B baseline=rls_index q1 status=1 hot_ms=632.701 err=
[stage03] db=tpch0_1 set=S_B baseline=rls_index q3 status=1 hot_ms=150.946 err=
[stage03] db=tpch0_1 set=S_B baseline=rls_index q6 status=1 hot_ms=120.756 err=
[stage03] db=tpch0_1 set=S_B baseline=rls_index q10 status=1 hot_ms=151.559 err=
[stage03] db=tpch0_1 set=S_B baseline=rls_index q11 status=1 hot_ms=30.665 err=
[index_infer] K=10 specs=['customer.c_acctbal', 'customer.c_mktsegment', 'customer.c_name', 'customer.c_nationkey', 'customer.c_phone', 'lineitem.l_discount', 'lineitem.l_extendedprice', 'lineitem.l_linestatus', 'lineitem.l_quantity', 'lineitem.l_returnflag', 'lineitem.l_shipinstruct', 'lineitem.l_shipmode', 'lineitem.l_tax']
[setup_rls] K=10 setup_ms=4422.368 disk=28024832 indexes=['cf_rls_k10_customer_c_acctbal_1', 'cf_rls_k10_customer_c_mktsegment_2', 'cf_rls_k10_customer_c_name_3', 'cf_rls_k10_customer_c_nationkey_4', 'cf_rls_k10_customer_c_phone_5', 'cf_rls_k10_lineitem_l_discount_6', 'cf_rls_k10_lineitem_l_extendedprice_7', 'cf_rls_k10_lineitem_l_linestatus_8', 'cf_rls_k10_lineitem_l_quantity_9', 'cf_rls_k10_lineitem_l_returnflag_10', 'cf_rls_k10_lineitem_l_shipinstruct_11', 'cf_rls_k10_lineitem_l_shipmode_12', 'cf_rls_k10_lineitem_l_tax_13']
[stage03] db=tpch0_1 set=S_B baseline=sieve_index q1 status=1 hot_ms=181.013 err=
[stage03] db=tpch0_1 set=S_B baseline=sieve_index q3 status=1 hot_ms=30.509 err=
[stage03] db=tpch0_1 set=S_B baseline=sieve_index q6 status=1 hot_ms=121.117 err=
[stage03] db=tpch0_1 set=S_B baseline=sieve_index q10 status=1 hot_ms=30.685 err=
[stage03] db=tpch0_1 set=S_B baseline=sieve_index q11 status=1 hot_ms=30.508 err=
[setup_ours] K=10 setup_ms=1208.151 disk=10378913
[stage03] db=tpch0_1 set=S_B baseline=ours q1 status=0 hot_ms= err=db_error
[stage03] db=tpch0_1 set=S_B baseline=ours q3 status=0 hot_ms= err=db_error
[stage03] db=tpch0_1 set=S_B baseline=ours q6 status=0 hot_ms= err=db_error
[stage03] db=tpch0_1 set=S_B baseline=ours q10 status=0 hot_ms= err=db_error
[stage03] db=tpch0_1 set=S_B baseline=ours q11 status=1 hot_ms=30.837 err=
[index_infer] K=5 specs=['customer.c_acctbal', 'customer.c_custkey', 'customer.c_mktsegment', 'customer.c_nationkey', 'lineitem.l_orderkey', 'lineitem.l_returnflag', 'lineitem.l_shipinstruct', 'lineitem.l_shipmode', 'nation.n_name', 'nation.n_nationkey', 'nation.n_regionkey', 'orders.o_custkey', 'orders.o_orderkey', 'orders.o_orderpriority', 'orders.o_orderstatus', 'region.r_name', 'region.r_regionkey']
[setup_rls] K=5 setup_ms=1900.825 disk=5554176 indexes=['cf_rls_k5_customer_c_acctbal_1', 'cf_rls_k5_customer_c_custkey_2', 'cf_rls_k5_customer_c_mktsegment_3', 'cf_rls_k5_customer_c_nationkey_4', 'cf_rls_k5_lineitem_l_orderkey_5', 'cf_rls_k5_lineitem_l_returnflag_6', 'cf_rls_k5_lineitem_l_shipinstruct_7', 'cf_rls_k5_lineitem_l_shipmode_8', 'cf_rls_k5_nation_n_name_9', 'cf_rls_k5_nation_n_nationkey_10', 'cf_rls_k5_nation_n_regionkey_11', 'cf_rls_k5_orders_o_custkey_12', 'cf_rls_k5_orders_o_orderkey_13', 'cf_rls_k5_orders_o_orderpriority_14', 'cf_rls_k5_orders_o_orderstatus_15', 'cf_rls_k5_region_r_name_16', 'cf_rls_k5_region_r_regionkey_17']
[stage03] db=tpch0_1 set=S_C baseline=rls_index q1 status=0 hot_ms= err=timeout
[stage03] db=tpch0_1 set=S_C baseline=rls_index q3 status=1 hot_ms=120.928 err=
[stage03] db=tpch0_1 set=S_C baseline=rls_index q6 status=1 hot_ms=91.021 err=
[stage03] db=tpch0_1 set=S_C baseline=rls_index q10 status=1 hot_ms=156.920 err=
[stage03] db=tpch0_1 set=S_C baseline=rls_index q11 status=1 hot_ms=30.559 err=
[index_infer] K=5 specs=['customer.c_acctbal', 'customer.c_custkey', 'customer.c_mktsegment', 'customer.c_nationkey', 'lineitem.l_orderkey', 'lineitem.l_returnflag', 'lineitem.l_shipinstruct', 'lineitem.l_shipmode', 'nation.n_name', 'nation.n_nationkey', 'nation.n_regionkey', 'orders.o_custkey', 'orders.o_orderkey', 'orders.o_orderpriority', 'orders.o_orderstatus', 'region.r_name', 'region.r_regionkey']
[setup_rls] K=5 setup_ms=1926.749 disk=28426240 indexes=['cf_rls_k5_customer_c_acctbal_1', 'cf_rls_k5_customer_c_custkey_2', 'cf_rls_k5_customer_c_mktsegment_3', 'cf_rls_k5_customer_c_nationkey_4', 'cf_rls_k5_lineitem_l_orderkey_5', 'cf_rls_k5_lineitem_l_returnflag_6', 'cf_rls_k5_lineitem_l_shipinstruct_7', 'cf_rls_k5_lineitem_l_shipmode_8', 'cf_rls_k5_nation_n_name_9', 'cf_rls_k5_nation_n_nationkey_10', 'cf_rls_k5_nation_n_regionkey_11', 'cf_rls_k5_orders_o_custkey_12', 'cf_rls_k5_orders_o_orderkey_13', 'cf_rls_k5_orders_o_orderpriority_14', 'cf_rls_k5_orders_o_orderstatus_15', 'cf_rls_k5_region_r_name_16', 'cf_rls_k5_region_r_regionkey_17']
[stage03] db=tpch0_1 set=S_C baseline=sieve_index q1 status=1 hot_ms=301.877 err=
[stage03] db=tpch0_1 set=S_C baseline=sieve_index q3 status=1 hot_ms=452.397 err=
[stage03] db=tpch0_1 set=S_C baseline=sieve_index q6 status=1 hot_ms=301.569 err=
[stage03] db=tpch0_1 set=S_C baseline=sieve_index q10 status=1 hot_ms=422.072 err=
[stage03] db=tpch0_1 set=S_C baseline=sieve_index q11 status=1 hot_ms=30.684 err=
[setup_ours] K=5 setup_ms=824.195 disk=10597814
[stage03] db=tpch0_1 set=S_C baseline=ours q1 status=0 hot_ms= err=db_error
[stage03] db=tpch0_1 set=S_C baseline=ours q3 status=0 hot_ms= err=db_error
[stage03] db=tpch0_1 set=S_C baseline=ours q6 status=0 hot_ms= err=db_error
[stage03] db=tpch0_1 set=S_C baseline=ours q10 status=0 hot_ms= err=db_error
[stage03] db=tpch0_1 set=S_C baseline=ours q11 status=1 hot_ms=30.744 err=
