[gate] set=S_A baseline=no_policy q1 status=1 hot_ms=633.059 err=-
[gate] set=S_A baseline=no_policy q3 status=1 hot_ms=120.944 err=-
[gate] set=S_A baseline=no_policy q6 status=1 hot_ms=90.587 err=-
[gate] set=S_A baseline=no_policy q10 status=1 hot_ms=151.214 err=-
[gate] set=S_A baseline=no_policy q11 status=1 hot_ms=30.638 err=-
[gate] set=S_A baseline=view_based q1 status=1 hot_ms=211.265 err=-
[gate] set=S_A baseline=view_based q3 status=1 hot_ms=181.129 err=-
[gate] set=S_A baseline=view_based q6 status=1 hot_ms=150.837 err=-
[gate] set=S_A baseline=view_based q10 status=1 hot_ms=181.276 err=-
[gate] set=S_A baseline=view_based q11 status=1 hot_ms=30.694 err=-
[gate] set=S_A baseline=rls q1 status=1 hot_ms=181.081 err=-
[gate] set=S_A baseline=rls q3 status=1 hot_ms=120.785 err=-
[gate] set=S_A baseline=rls q6 status=1 hot_ms=120.796 err=-
[gate] set=S_A baseline=rls q10 status=1 hot_ms=151.079 err=-
[gate] set=S_A baseline=rls q11 status=1 hot_ms=30.574 err=-
[index_infer] K=5 specs=['lineitem.l_discount', 'lineitem.l_extendedprice', 'lineitem.l_linestatus', 'lineitem.l_quantity', 'lineitem.l_returnflag', 'lineitem.l_shipinstruct', 'lineitem.l_shipmode', 'lineitem.l_tax']
[setup_rls] K=5 setup_ms=4317.589 disk=75563008 indexes=['cf_rls_k5_lineitem_l_discount_1', 'cf_rls_k5_lineitem_l_extendedprice_2', 'cf_rls_k5_lineitem_l_linestatus_3', 'cf_rls_k5_lineitem_l_quantity_4', 'cf_rls_k5_lineitem_l_returnflag_5', 'cf_rls_k5_lineitem_l_shipinstruct_6', 'cf_rls_k5_lineitem_l_shipmode_7', 'cf_rls_k5_lineitem_l_tax_8']
[gate] set=S_A baseline=rls_index q1 status=1 hot_ms=120.877 err=-
[gate] set=S_A baseline=rls_index q3 status=1 hot_ms=60.754 err=-
[gate] set=S_A baseline=rls_index q6 status=1 hot_ms=60.500 err=-
[gate] set=S_A baseline=rls_index q10 status=1 hot_ms=60.768 err=-
[gate] set=S_A baseline=rls_index q11 status=1 hot_ms=30.651 err=-
[gate] set=S_A baseline=sieve q1 status=1 hot_ms=211.220 err=-
[gate] set=S_A baseline=sieve q3 status=1 hot_ms=150.918 err=-
[gate] set=S_A baseline=sieve q6 status=1 hot_ms=150.795 err=-
[gate] set=S_A baseline=sieve q10 status=1 hot_ms=181.403 err=-
[gate] set=S_A baseline=sieve q11 status=1 hot_ms=30.617 err=-
[index_infer] K=5 specs=['lineitem.l_discount', 'lineitem.l_extendedprice', 'lineitem.l_linestatus', 'lineitem.l_quantity', 'lineitem.l_returnflag', 'lineitem.l_shipinstruct', 'lineitem.l_shipmode', 'lineitem.l_tax']
[setup_rls] K=5 setup_ms=4266.612 disk=75563008 indexes=['cf_rls_k5_lineitem_l_discount_1', 'cf_rls_k5_lineitem_l_extendedprice_2', 'cf_rls_k5_lineitem_l_linestatus_3', 'cf_rls_k5_lineitem_l_quantity_4', 'cf_rls_k5_lineitem_l_returnflag_5', 'cf_rls_k5_lineitem_l_shipinstruct_6', 'cf_rls_k5_lineitem_l_shipmode_7', 'cf_rls_k5_lineitem_l_tax_8']
[gate] set=S_A baseline=sieve_index q1 status=1 hot_ms=120.897 err=-
[gate] set=S_A baseline=sieve_index q3 status=1 hot_ms=60.617 err=-
[gate] set=S_A baseline=sieve_index q6 status=1 hot_ms=60.493 err=-
[gate] set=S_A baseline=sieve_index q10 status=1 hot_ms=60.827 err=-
[gate] set=S_A baseline=sieve_index q11 status=1 hot_ms=30.568 err=-
[setup_ours] K=5 setup_ms=2932.836 disk=29131488
[gate] set=S_A baseline=ours q1 status=1 hot_ms=2651.166 err=-
[gate] set=S_A baseline=ours q3 status=1 hot_ms=2530.517 err=-
[gate] set=S_A baseline=ours q6 status=1 hot_ms=2440.153 err=-
[gate] set=S_A baseline=ours q10 status=1 hot_ms=2500.589 err=-
[gate] set=S_A baseline=ours q11 status=1 hot_ms=30.818 err=-
[gate] set=S_B baseline=no_policy q1 status=1 hot_ms=602.597 err=-
[gate] set=S_B baseline=no_policy q3 status=1 hot_ms=120.685 err=-
[gate] set=S_B baseline=no_policy q6 status=1 hot_ms=90.911 err=-
[gate] set=S_B baseline=no_policy q10 status=1 hot_ms=159.142 err=-
[gate] set=S_B baseline=no_policy q11 status=1 hot_ms=30.615 err=-
[gate] set=S_B baseline=view_based q1 status=1 hot_ms=211.203 err=-
[gate] set=S_B baseline=view_based q3 status=1 hot_ms=30.434 err=-
[gate] set=S_B baseline=view_based q6 status=1 hot_ms=150.772 err=-
[gate] set=S_B baseline=view_based q10 status=1 hot_ms=30.477 err=-
[gate] set=S_B baseline=view_based q11 status=1 hot_ms=30.489 err=-
[gate] set=S_B baseline=rls q1 status=1 hot_ms=180.848 err=-
[gate] set=S_B baseline=rls q3 status=1 hot_ms=30.636 err=-
[gate] set=S_B baseline=rls q6 status=1 hot_ms=120.966 err=-
[gate] set=S_B baseline=rls q10 status=1 hot_ms=30.513 err=-
[gate] set=S_B baseline=rls q11 status=1 hot_ms=30.500 err=-
[index_infer] K=10 specs=['customer.c_acctbal', 'customer.c_mktsegment', 'customer.c_name', 'customer.c_nationkey', 'customer.c_phone', 'lineitem.l_discount', 'lineitem.l_extendedprice', 'lineitem.l_linestatus', 'lineitem.l_quantity', 'lineitem.l_returnflag', 'lineitem.l_shipinstruct', 'lineitem.l_shipmode', 'lineitem.l_tax']
[setup_rls] K=10 setup_ms=4373.327 disk=77275136 indexes=['cf_rls_k10_customer_c_acctbal_1', 'cf_rls_k10_customer_c_mktsegment_2', 'cf_rls_k10_customer_c_name_3', 'cf_rls_k10_customer_c_nationkey_4', 'cf_rls_k10_customer_c_phone_5', 'cf_rls_k10_lineitem_l_discount_6', 'cf_rls_k10_lineitem_l_extendedprice_7', 'cf_rls_k10_lineitem_l_linestatus_8', 'cf_rls_k10_lineitem_l_quantity_9', 'cf_rls_k10_lineitem_l_returnflag_10', 'cf_rls_k10_lineitem_l_shipinstruct_11', 'cf_rls_k10_lineitem_l_shipmode_12', 'cf_rls_k10_lineitem_l_tax_13']
[gate] set=S_B baseline=rls_index q1 status=1 hot_ms=150.903 err=-
[gate] set=S_B baseline=rls_index q3 status=1 hot_ms=30.620 err=-
[gate] set=S_B baseline=rls_index q6 status=1 hot_ms=60.619 err=-
[gate] set=S_B baseline=rls_index q10 status=1 hot_ms=60.658 err=-
[gate] set=S_B baseline=rls_index q11 status=1 hot_ms=30.721 err=-
[gate] set=S_B baseline=sieve q1 status=1 hot_ms=211.135 err=-
[gate] set=S_B baseline=sieve q3 status=1 hot_ms=30.533 err=-
[gate] set=S_B baseline=sieve q6 status=1 hot_ms=150.773 err=-
[gate] set=S_B baseline=sieve q10 status=1 hot_ms=30.459 err=-
[gate] set=S_B baseline=sieve q11 status=1 hot_ms=30.722 err=-
[index_infer] K=10 specs=['customer.c_acctbal', 'customer.c_mktsegment', 'customer.c_name', 'customer.c_nationkey', 'customer.c_phone', 'lineitem.l_discount', 'lineitem.l_extendedprice', 'lineitem.l_linestatus', 'lineitem.l_quantity', 'lineitem.l_returnflag', 'lineitem.l_shipinstruct', 'lineitem.l_shipmode', 'lineitem.l_tax']
[setup_rls] K=10 setup_ms=4348.142 disk=77275136 indexes=['cf_rls_k10_customer_c_acctbal_1', 'cf_rls_k10_customer_c_mktsegment_2', 'cf_rls_k10_customer_c_name_3', 'cf_rls_k10_customer_c_nationkey_4', 'cf_rls_k10_customer_c_phone_5', 'cf_rls_k10_lineitem_l_discount_6', 'cf_rls_k10_lineitem_l_extendedprice_7', 'cf_rls_k10_lineitem_l_linestatus_8', 'cf_rls_k10_lineitem_l_quantity_9', 'cf_rls_k10_lineitem_l_returnflag_10', 'cf_rls_k10_lineitem_l_shipinstruct_11', 'cf_rls_k10_lineitem_l_shipmode_12', 'cf_rls_k10_lineitem_l_tax_13']
[gate] set=S_B baseline=sieve_index q1 status=1 hot_ms=90.625 err=-
[gate] set=S_B baseline=sieve_index q3 status=1 hot_ms=30.678 err=-
[gate] set=S_B baseline=sieve_index q6 status=1 hot_ms=60.584 err=-
[gate] set=S_B baseline=sieve_index q10 status=1 hot_ms=30.442 err=-
[gate] set=S_B baseline=sieve_index q11 status=1 hot_ms=30.452 err=-
[setup_ours] K=10 setup_ms=2993.018 disk=30601996
[gate] set=S_B baseline=ours q1 status=1 hot_ms=2651.185 err=-
